import time: self [us] | cumulative | imported package
import time:       185 |        185 |   _io
import time:       121 |        121 |   marshal
import time:       498 |        498 |   posix
import time:      2684 |       3487 | _frozen_importlib_external
import time:       109 |        109 |   time
import time:       659 |        768 | zipimport
import time:        41 |         41 |     _codecs
import time:       785 |        825 |   codecs
import time:       366 |        366 |   encodings.aliases
import time:      1518 |       2709 | encodings
import time:       325 |        325 | encodings.utf_8
import time:        93 |         93 | _signal
import time:        26 |         26 |     _abc
import time:       688 |        714 |   abc
import time:      1556 |       2269 | io
import time:        42 |         42 |       _stat
import time:       413 |        454 |     stat
import time:       917 |        917 |     _collections_abc
import time:        91 |         91 |       errno
import time:       118 |        118 |       genericpath
import time:      1320 |       1527 |     posixpath
import time:      2201 |       5098 |   os
import time:       108 |        108 |   _sitebuiltins
import time:       498 |        498 |   encodings.utf_8_sig
import time:       144 |        144 |         itertools
import time:       125 |        125 |         keyword
import time:        68 |         68 |           _operator
import time:       531 |        599 |         operator
import time:       196 |        196 |         reprlib
import time:        95 |         95 |         _collections
import time:      2287 |       3443 |       collections
import time:        60 |         60 |         _functools
import time:      1108 |       1168 |       functools
import time:       467 |        467 |       types
import time:      1559 |       6635 |     contextlib
import time:     11750 |      18384 |   _virtualenv
import time:       490 |        490 |   sitecustomize
import time:     28246 |      52821 | site
import time:      5456 |       5456 | linecache
import time:     19398 |      19398 |     src
import time:     37486 |      56883 |   src.api
import time:      2094 |       2094 |       enum
import time:        69 |         69 |         _sre
import time:       236 |        236 |           re._constants
import time:       761 |        997 |         re._parser
import time:       232 |        232 |         re._casefix
import time:      1408 |       2704 |       re._compiler
import time:       620 |        620 |       copyreg
import time:      2321 |       7738 |     re
import time:      1305 |       1305 |       textwrap
import time:       892 |        892 |       warnings
import time:       846 |        846 |         __future__
import time:      1486 |       2332 |       _colorize
import time:      3200 |       7727 |     traceback
import time:       747 |        747 |       _weakrefset
import time:      1478 |       2224 |     weakref
import time:        56 |         56 |       _string
import time:      1527 |       1582 |     string
import time:      1313 |       1313 |     threading
import time:        60 |         60 |     atexit
import time:      5785 |      26426 |   logging
import time:     20636 |      20636 |     starlette
import time:       996 |        996 |         http
import time:     12111 |      13107 |       starlette.exceptions
import time:     17880 |      30987 |     starlette.status
import time:       102 |        102 |         _typing
import time:      4814 |       4916 |       typing
import time:     24906 |      24906 |         annotated_doc.main
import time:     22708 |      47614 |       annotated_doc
import time:       663 |        663 |         copy
import time:       432 |        432 |           email
import time:        79 |         79 |           binascii
import time:       484 |        484 |           quopri
import time:       259 |        259 |               _datetime
import time:       714 |        973 |             datetime
import time:       442 |        442 |               urllib
import time:        95 |         95 |               math
import time:      2515 |       2515 |               ipaddress
import time:      2564 |       5614 |             urllib.parse
import time:       379 |        379 |             email._parseaddr
import time:      1668 |       8633 |           email.utils
import time:       682 |        682 |           email.errors
import time:       370 |        370 |               email.quoprimime
import time:       192 |        192 |                     _struct
import time:      1427 |       1618 |                   struct
import time:      1506 |       3124 |                 base64
import time:       703 |       3826 |               email.base64mime
import time:       220 |        220 |                 email.encoders
import time:       844 |       1064 |               email.charset
import time:      2309 |       7567 |             email.header
import time:      1319 |       8885 |           email._policybase
import time:       438 |        438 |           email._encoded_words
import time:       211 |        211 |           email.iterators
import time:      8497 |      28338 |         email.message
import time:       868 |        868 |             _ast
import time:      2591 |       3458 |           ast
import time:        64 |         64 |               _opcode
import time:       603 |        603 |               _opcode_metadata
import time:      1372 |       2037 |             opcode
import time:      2279 |       4316 |           dis
import time:       692 |        692 |             importlib
import time:       789 |       1481 |           importlib.machinery
import time:       816 |        816 |             token
import time:        58 |         58 |             _tokenize
import time:      2272 |       3145 |           tokenize
import time:      5906 |      18305 |         inspect
import time:       157 |        157 |               _json
import time:       623 |        780 |             json.scanner
import time:      1062 |       1841 |           json.decoder
import time:       347 |        347 |           json.encoder
import time:      2030 |       4217 |         json
import time:        54 |         54 |           _contextvars
import time:      1545 |       1598 |         contextvars
import time:      1391 |       1391 |         dataclasses
import time:     27938 |      27938 |             anyio._core
import time:     31186 |      59124 |           anyio._core._contextmanagers
import time:     19881 |      19881 |             anyio._core._exceptions
import time:      1228 |       1228 |             sniffio
import time:     23160 |      44269 |           anyio._core._eventloop
import time:       637 |        637 |                   fnmatch
import time:      1364 |       2000 |                 glob
import time:       938 |       2937 |               pathlib._abc
import time:      1075 |       1075 |                   _winapi
import time:       817 |        817 |                   nt
import time:       650 |        650 |                   nt
import time:       721 |        721 |                   nt
import time:       633 |        633 |                   nt
import time:       655 |        655 |                   nt
import time:       665 |        665 |                   nt
import time:       913 |        913 |                   nt
import time:      2786 |       8913 |                 ntpath
import time:       107 |        107 |                 pwd
import time:        64 |         64 |                 grp
import time:      1628 |      10709 |               pathlib._local
import time:      1205 |      14850 |             pathlib
import time:      5820 |       5820 |                   signal
import time:       233 |        233 |                     _socket
import time:       151 |        151 |                       select
import time:      1447 |       1598 |                     selectors
import time:       226 |        226 |                     array
import time:      3104 |       5159 |                   socket
import time:     33144 |      44122 |                 anyio.abc._eventloop
import time:     18145 |      18145 |                 anyio.abc._resources
import time:     19256 |      19256 |                   anyio._core._typedattr
import time:     15848 |      15848 |                     anyio.abc._tasks
import time:     16929 |      32776 |                   anyio.abc._streams
import time:     21384 |      73415 |                 anyio.abc._sockets
import time:     18180 |      18180 |                 anyio.abc._subprocesses
import time:     20444 |      20444 |                 anyio.abc._testing
import time:     17521 |      17521 |                   anyio.lowlevel
import time:     17065 |      17065 |                   anyio._core._tasks
import time:     19367 |      19367 |                   anyio._core._testing
import time:     26686 |      80638 |                 anyio._core._synchronization
import time:       529 |        529 |                     concurrent
import time:       588 |        588 |                     concurrent.futures._base
import time:      1148 |       2264 |                   concurrent.futures
import time:     17448 |      19711 |                 anyio.from_thread
import time:     50144 |     324796 |               anyio.abc
import time:     13737 |     338533 |             anyio.to_thread
import time:     16085 |     369467 |           anyio._core._fileio
import time:     22164 |      22164 |           anyio._core._resources
import time:     17717 |      17717 |           anyio._core._signals
import time:      1298 |       1298 |               _ssl
import time:      3085 |       4382 |             ssl
import time:     27105 |      27105 |               anyio.streams
import time:     35693 |      62797 |             anyio.streams.stapled
import time:     19322 |      19322 |             anyio.streams.tls
import time:     17834 |     104334 |           anyio._core._sockets
import time:     21612 |      21612 |             anyio.streams.memory
import time:     16950 |      38562 |           anyio._core._streams
import time:       137 |        137 |                 _locale
import time:      2471 |       2607 |               locale
import time:        82 |         82 |               fcntl
import time:      1166 |       1166 |               msvcrt
import time:        74 |         74 |               _posixsubprocess
import time:      3453 |       7380 |             subprocess
import time:     23124 |      30504 |           anyio._core._subprocesses
import time:       154 |        154 |                 zlib
import time:       894 |        894 |                   _compression
import time:        79 |         79 |                   _bz2
import time:      1311 |       2283 |                 bz2
import time:       144 |        144 |                   _lzma
import time:       994 |       1137 |                 lzma
import time:      2807 |       6380 |               shutil
import time:        80 |         80 |                   _bisect
import time:       983 |       1062 |                 bisect
import time:        61 |         61 |                 _random
import time:      1859 |       2982 |               random
import time:      2907 |      12267 |             tempfile
import time:     22666 |      34933 |           anyio._core._tempfile
import time:     24288 |     745356 |         anyio
import time:     17639 |      17639 |                       typing_extensions
import time:      8551 |       8551 |                       pydantic_core._pydantic_core
import time:      1202 |       1202 |                             numbers
import time:      1031 |       2233 |                           _decimal
import time:      1399 |       3631 |                         decimal
import time:     19838 |      23468 |                       pydantic_core.core_schema
import time:     21518 |      71174 |                     pydantic_core
import time:     13985 |      85158 |                   pydantic.version
import time:     16797 |     101955 |                 pydantic.warnings
import time:     27296 |     129250 |               pydantic._migration
import time:     17168 |      17168 |                   typing_inspection
import time:     16879 |      16879 |                   typing_inspection.typing_objects
import time:     25310 |      59356 |                 typing_inspection.introspection
import time:     27303 |      27303 |                 pydantic._internal
import time:     21452 |      21452 |                     pydantic._internal._namespace_utils
import time:     20870 |      42322 |                   pydantic._internal._typing_extra
import time:     25831 |      68153 |                 pydantic._internal._repr
import time:     14032 |     168842 |               pydantic.errors
import time:     24141 |     322232 |             pydantic
import time:     18442 |      18442 |                 pydantic._internal._internal_dataclass
import time:     14677 |      33119 |               pydantic.aliases
import time:     16537 |      16537 |               pydantic.config
import time:     18542 |      68196 |             pydantic._internal._config
import time:     20623 |      20623 |               pydantic._internal._core_utils
import time:     20825 |      20825 |                 pydantic._internal._import_utils
import time:     19179 |      40003 |               pydantic._internal._utils
import time:     28986 |      89611 |             pydantic._internal._decorators
import time:     16017 |      16017 |                 pydantic._internal._forward_ref
import time:     22350 |      38367 |               pydantic._internal._generics
import time:     16033 |      16033 |               pydantic._internal._docs_extraction
import time:     22154 |      76554 |             pydantic._internal._fields
import time:     29787 |      29787 |                 pydantic.plugin
import time:     29079 |      58865 |               pydantic.plugin._schema_validator
import time:     20139 |      79004 |             pydantic._internal._mock_val_ser
import time:      2319 |       2319 |                 fractions
import time:        74 |         74 |                   _uuid
import time:      1758 |       1831 |                 uuid
import time:     18948 |      18948 |                     sysconfig
import time:      1383 |       1383 |                     _sysconfigdata__linux_x86_64-linux-gnu
import time:      1663 |      21993 |                   zoneinfo._tzpath
import time:       275 |        275 |                   zoneinfo._common
import time:       120 |        120 |                   _zoneinfo
import time:      2475 |      24862 |                 zoneinfo
import time:     18461 |      18461 |                 pydantic.annotated_handlers
import time:     16097 |      16097 |                 pydantic.functional_validators
import time:     32863 |      32863 |                   pydantic._internal._core_metadata
import time:     32267 |      32267 |                   pydantic._internal._schema_generation_shared
import time:     19891 |      85020 |                 pydantic.json_schema
import time:     21059 |      21059 |                 pydantic._internal._discriminated_union
import time:     17327 |      17327 |                 pydantic._internal._known_annotated_metadata
import time:     21450 |      21450 |                 pydantic._internal._schema_gather
import time:     27889 |     236310 |               pydantic._internal._generate_schema
import time:     21497 |      21497 |               pydantic._internal._signature
import time:     16681 |     274488 |             pydantic._internal._model_construction
import time:     23099 |      23099 |               annotated_types
import time:     20882 |      20882 |               pydantic._internal._validators
import time:     27891 |      27891 |               pydantic.types
import time:     19934 |      91804 |             pydantic.fields
import time:       207 |        207 |                     importlib._abc
import time:       523 |        730 |                   importlib.util
import time:       289 |        289 |                     zipfile._path.glob
import time:       721 |       1010 |                   zipfile._path
import time:      2549 |       4287 |                 zipfile
import time:       345 |        345 |                 importlib.metadata._meta
import time:       297 |        297 |                 importlib.metadata._collections
import time:       163 |        163 |                 importlib.metadata._functools
import time:       124 |        124 |                 importlib.metadata._itertools
import time:       578 |        578 |                       importlib.resources.abc
import time:      5878 |       6456 |                     importlib.resources._common
import time:       244 |        244 |                     importlib.resources._functional
import time:       703 |       7402 |                   importlib.resources
import time:       703 |       8104 |                 importlib.abc
import time:      3510 |      16827 |               importlib.metadata
import time:     23171 |      39997 |             pydantic.plugin._loader
import time:    174964 |    1216847 |           fastapi.exceptions
import time:     33243 |      33243 |             fastapi.openapi
import time:     16187 |      16187 |                 fastapi.types
import time:      1258 |       1258 |                   shlex
import time:     10040 |      10040 |                   starlette.concurrency
import time:     12032 |      12032 |                   starlette.types
import time:     17761 |      41089 |                 starlette.datastructures
import time:     42599 |      99874 |               fastapi._compat.shared
import time:     23982 |      23982 |                 fastapi.openapi.constants
import time:     38693 |      62675 |               fastapi._compat.v2
import time:     24478 |     187026 |             fastapi._compat
import time:     10997 |      10997 |             fastapi.logger
import time:       983 |        983 |             email_validator
import time:    141557 |     373803 |           fastapi.openapi.models
import time:     16437 |      16437 |           fastapi.datastructures
import time:     18278 |    1625363 |         fastapi.params
import time:     30899 |      30899 |           fastapi.dependencies
import time:     20829 |      20829 |                 fastapi.security.base
import time:      1577 |       1577 |                   http.cookies
import time:     11694 |      11694 |                   starlette._utils
import time:     12506 |      12506 |                           python_multipart.exceptions
import time:     20728 |      33233 |                         python_multipart.decoders
import time:     30942 |      64175 |                       python_multipart.multipart
import time:     16114 |      80289 |                     python_multipart
import time:     13439 |      93727 |                   starlette.formparsers
import time:     17572 |     124568 |                 starlette.requests
import time:     28637 |     174033 |               fastapi.security.api_key
import time:     17384 |      17384 |                 fastapi.security.utils
import time:     23241 |      40624 |               fastapi.security.http
import time:     18718 |      18718 |                 fastapi.param_functions
import time:     22726 |      41443 |               fastapi.security.oauth2
import time:     22483 |      22483 |               fastapi.security.open_id_connect_url
import time:     21877 |     300459 |             fastapi.security
import time:       336 |     300794 |           fastapi.security.base
import time:     32756 |     364448 |         fastapi.dependencies.models
import time:     16882 |      16882 |             starlette.background
import time:     12252 |      29134 |           fastapi.background
import time:     17658 |      17658 |           fastapi.concurrency
import time:     16424 |      16424 |           fastapi.utils
import time:      1571 |       1571 |               _hashlib
import time:        96 |         96 |               _blake2
import time:      2301 |       3966 |             hashlib
import time:      1123 |       1123 |               _winapi
import time:       789 |        789 |               winreg
import time:      1443 |       3355 |             mimetypes
import time:       536 |        536 |               hmac
import time:       877 |       1413 |             secrets
import time:     18330 |      27063 |           starlette.responses
import time:     11823 |      11823 |           starlette.websockets
import time:     18885 |     120984 |         fastapi.dependencies.utils
import time:       923 |        923 |             colorsys
import time:     18490 |      19412 |           pydantic.color
import time:      1678 |       1678 |             pydantic_extra_types
import time:       346 |       2023 |           pydantic_extra_types.color
import time:     14533 |      35967 |         fastapi.encoders
import time:     16621 |      16621 |         fastapi.sse
import time:      7544 |       7544 |           starlette._exception_handler
import time:      7105 |       7105 |           starlette.convertors
import time:     16145 |      16145 |           starlette.middleware
import time:     17450 |      48243 |         starlette.routing
import time:     10850 |      10850 |         starlette.staticfiles
import time:     30898 |    3053233 |       fastapi.routing
import time:     25196 |      25196 |         fastapi.websockets
import time:     18669 |      43865 |       fastapi.exception_handlers
import time:     45509 |      45509 |         fastapi.middleware
import time:     31294 |      76802 |       fastapi.middleware.asyncexitstack
import time:     22147 |      22147 |       fastapi.openapi.docs
import time:       590 |        590 |             email.feedparser
import time:       613 |       1202 |           email.parser
import time:      1979 |       3180 |         http.client
import time:     13252 |      13252 |         fastapi.responses
import time:     16843 |      33275 |       fastapi.openapi.utils
import time:      1247 |       1247 |             html.entities
import time:      2050 |       3296 |           html
import time:     30644 |      33940 |         starlette.middleware.errors
import time:     20096 |      20096 |         starlette.middleware.exceptions
import time:      9224 |      63258 |       starlette.applications
import time:     16950 |      16950 |       starlette.middleware.base
import time:     27160 |    3389213 |     fastapi.applications
import time:     11352 |      11352 |     fastapi.requests
import time:     23443 |    3475628 |   fastapi
import time:     23911 |      23911 |     starlette.middleware.cors
import time:     18510 |      42421 |   fastapi.middleware.cors
import time:     35888 |      35888 |     src.api.routes
import time:     32744 |      68632 |   src.api.routes.health
import time:       119 |        119 |           _heapq
import time:      1889 |       2008 |         heapq
import time:       406 |        406 |         asyncio.constants
import time:       209 |        209 |         asyncio.coroutines
import time:       331 |        331 |           asyncio.format_helpers
import time:       238 |        238 |             asyncio.base_futures
import time:       735 |        735 |             asyncio.exceptions
import time:       219 |        219 |             asyncio.base_tasks
import time:      1513 |       2703 |           _asyncio
import time:      1999 |       5033 |         asyncio.events
import time:       261 |        261 |         asyncio.futures
import time:       185 |        185 |         asyncio.protocols
import time:       364 |        364 |           asyncio.transports
import time:       151 |        151 |           asyncio.log
import time:      2106 |       2621 |         asyncio.sslproto
import time:        77 |         77 |             asyncio.mixins
import time:      1773 |       1850 |           asyncio.locks
import time:       340 |        340 |             asyncio.queues
import time:       486 |        486 |             asyncio.timeouts
import time:      1994 |       2819 |           asyncio.tasks
import time:      1120 |       5788 |         asyncio.staggered
import time:       272 |        272 |         asyncio.trsock
import time:      6064 |      22842 |       asyncio.base_events
import time:       486 |        486 |       asyncio.runners
import time:       529 |        529 |       asyncio.streams
import time:       363 |        363 |       asyncio.subprocess
import time:       218 |        218 |       asyncio.taskgroups
import time:       125 |        125 |       asyncio.threads
import time:       265 |        265 |         asyncio.base_subprocess
import time:       742 |        742 |         asyncio.selector_events
import time:      1963 |       2969 |       asyncio.unix_events
import time:      3799 |      31328 |     asyncio
import time:     27591 |      27591 |             src.core
import time:     22280 |      22280 |                 src.extractors
import time:     50312 |      72591 |               src.extractors.layout
import time:      1705 |       1705 |                 tarfile
import time:     16345 |      16345 |                   pymupdf._extra
import time:     16048 |      32392 |                 pymupdf.extra
import time:     18592 |      18592 |                   pymupdf._mupdf
import time:     89899 |     108491 |                 pymupdf.mupdf
import time:      7967 |       7967 |                 pymupdf._build
import time:       778 |        778 |                 pymupdf_fonts
import time:      8852 |       8852 |                 pymupdf._wxcolors
import time:      9912 |       9912 |                   pymupdf.pymupdf
import time:      9144 |      19056 |                 pymupdf.utils
import time:     15057 |      15057 |                 pymupdf.table
import time:     44250 |     238543 |               pymupdf
import time:     43888 |     355022 |             src.extractors.layout.layout_extractor
import time:     38353 |      38353 |             src.extractors.layout.block_detector
import time:     34298 |      34298 |                 src.registries
import time:     36420 |      70717 |               src.registries.section_registry
import time:     24874 |      95591 |             src.extractors.layout.section_detector
import time:     27940 |      27940 |             src.extractors.layout.section_parser
import time:     23149 |      23149 |             src.extractors.layout.domain_detector
import time:     36535 |      36535 |               src.extractors.contact
import time:     35133 |      71667 |             src.extractors.contact.contact_parser
import time:     34516 |      34516 |               src.extractors.skills
import time:      1837 |       1837 |               difflib
import time:     23392 |      23392 |                 src.config
import time:     49495 |      72886 |               src.config.settings
import time:    254279 |     363517 |             src.extractors.skills.skills_parser
import time:     33298 |      33298 |               src.extractors.projects
import time:     39635 |      72933 |             src.extractors.projects.project_parser
import time:     38794 |      38794 |               src.extractors.experience
import time:     62364 |     101157 |             src.extractors.experience.experience_parser
import time:     40713 |      40713 |               src.extractors.education
import time:     35419 |      76131 |             src.extractors.education.education_parser
import time:     20759 |      20759 |             src.core.quality_scoring
import time:     20551 |      20551 |             src.core.output_cleaning
import time:     24855 |      24855 |                 src.schemas.extraction
import time:     22745 |      22745 |                 src.schemas.scoring
import time:     28374 |      75973 |               src.schemas
import time:       445 |      76417 |             src.schemas.extraction
import time:     40484 |    1411254 |           src.core.pipeline
import time:     27133 |    1438387 |         src.services.extraction_service
import time:     21866 |    1460252 |       src.services
import time:       444 |    1460696 |     src.services.extraction_service
import time:     28482 |      28482 |         src.ranking.tfidf_scorer
import time:     18481 |      18481 |           src.registries.skill_registry
import time:     15125 |      33605 |         src.ranking.bm25_scorer
import time:     21132 |      21132 |         src.ranking.similarity
import time:     29012 |     112229 |       src.ranking
import time:     17385 |      17385 |       src.ranking.skill_inference
import time:     15569 |      15569 |       src.ranking.domain_classifier
import time:     25528 |     170709 |     src.ranking.scorer
import time:     32681 |      32681 |         src.infrastructure
import time:     34455 |      34455 |         src.infrastructure.models.job
import time:     26190 |      26190 |         src.infrastructure.models.document
import time:     27524 |      27524 |         src.infrastructure.models.scoring
import time:     49262 |     170109 |       src.infrastructure.models
import time:       485 |     170594 |     src.infrastructure.models.job
import time:      8144 |       8144 |                       botocore
import time:     23426 |      23426 |                       botocore.vendored
import time:     49544 |      49544 |                                   botocore.vendored.requests.packages.urllib3.exceptions
import time:     53914 |     103458 |                                 botocore.vendored.requests.packages.urllib3
import time:     38741 |     142198 |                               botocore.vendored.requests.packages
import time:       617 |     142815 |                             botocore.vendored.requests.packages.urllib3
import time:       759 |     143574 |                           botocore.vendored.requests.packages.urllib3.exceptions
import time:     28685 |     172258 |                         botocore.vendored.requests.exceptions
import time:     44500 |     216758 |                       botocore.vendored.requests
import time:     15578 |     263905 |                     botocore.exceptions
import time:     13498 |     277403 |                   boto3.exceptions
import time:       119 |        119 |                         _queue
import time:      1336 |       1455 |                       queue
import time:     14083 |      14083 |                         botocore.vendored.six
import time:     26483 |      26483 |                             dateutil._version
import time:     18369 |      44851 |                           dateutil
import time:      9481 |       9481 |                             six
import time:        83 |         83 |                             six.moves
import time:     19557 |      19557 |                             dateutil.tz._common
import time:     21375 |      21375 |                             dateutil.tz._factories
import time:        87 |         87 |                               six.moves.winreg
import time:     23638 |      23724 |                             dateutil.tz.win
import time:     27822 |     102039 |                           dateutil.tz.tz
import time:     29330 |     176220 |                         dateutil.tz
import time:     18997 |      18997 |                           urllib3.exceptions
import time:     22356 |      22356 |                                   urllib3.util.timeout
import time:     32868 |      55223 |                                 urllib3.util.connection
import time:     22666 |      22666 |                                   urllib3.util.util
import time:      1127 |       1127 |                                   brotlicffi
import time:       736 |        736 |                                   brotli
import time:      1061 |       1061 |                                   backports
import time:     25767 |      51355 |                                 urllib3.util.request
import time:     18269 |      18269 |                                 urllib3.util.response
import time:     17989 |      17989 |                                 urllib3.util.retry
import time:     24705 |      24705 |                                   urllib3.util.url
import time:     21831 |      21831 |                                   urllib3.util.ssltransport
import time:     20791 |      67327 |                                 urllib3.util.ssl_
import time:     16832 |      16832 |                                 urllib3.util.wait
import time:     33268 |     260260 |                               urllib3.util
import time:       682 |     260942 |                             urllib3.util.connection
import time:     16647 |     277589 |                           urllib3._base_connection
import time:     14220 |      14220 |                           urllib3._collections
import time:     13036 |      13036 |                           urllib3._version
import time:     15100 |      15100 |                                 urllib3.fields
import time:     15496 |      30596 |                               urllib3.filepost
import time:      1353 |       1353 |                                 brotlicffi
import time:       683 |        683 |                                 brotli
import time:     28375 |      28375 |                                   urllib3.http2
import time:     33013 |      33013 |                                   urllib3.http2.probe
import time:     16014 |      16014 |                                   urllib3.util.ssl_match_hostname
import time:     14636 |      92035 |                                 urllib3.connection
import time:       789 |        789 |                                 backports
import time:     14535 |     109394 |                               urllib3.response
import time:     18093 |     158082 |                             urllib3._request_methods
import time:     14128 |      14128 |                             urllib3.util.proxy
import time:     17366 |     189575 |                           urllib3.connectionpool
import time:     15996 |      15996 |                           urllib3.poolmanager
import time:     18022 |     547432 |                         urllib3
import time:       630 |        630 |                             xml
import time:       672 |       1302 |                           xml.etree
import time:       507 |        507 |                           xml.etree.ElementPath
import time:       153 |        153 |                             pyexpat
import time:       558 |        711 |                           _elementtree
import time:      2230 |       4749 |                         xml.etree.ElementTree
import time:      1071 |       1071 |                           awscrt
import time:       448 |       1518 |                         awscrt.auth
import time:      1092 |       1092 |                         gzip
import time:     12946 |     758036 |                       botocore.compat
import time:       371 |        371 |                               multiprocessing.process
import time:       695 |        695 |                                   _compat_pickle
import time:       160 |        160 |                                   _pickle
import time:      3118 |       3971 |                                 pickle
import time:       877 |       4847 |                               multiprocessing.reduction
import time:      1908 |       7126 |                             multiprocessing.context
import time:      1313 |       8438 |                           multiprocessing
import time:       375 |        375 |                             multiprocessing.util
import time:        73 |         73 |                             _multiprocessing
import time:      1233 |       1233 |                             _winapi
import time:      2231 |       3909 |                           multiprocessing.connection
import time:       696 |        696 |                           multiprocessing.pool
import time:        93 |         93 |                             mmap
import time:        49 |         49 |                             _posixshmem
import time:       165 |        165 |                                 runpy
import time:       527 |        691 |                               multiprocessing.spawn
import time:       664 |       1355 |                             multiprocessing.resource_tracker
import time:      1734 |       3229 |                           multiprocessing.shared_memory
import time:      4981 |      21251 |                         multiprocessing.managers
import time:     23685 |      44936 |                       s3transfer.compat
import time:     11455 |      11455 |                       s3transfer.exceptions
import time:       390 |        390 |                       concurrent.futures.thread
import time:     24983 |     841252 |                     s3transfer
import time:     14161 |      14161 |                     s3transfer.bandwidth
import time:     15358 |      15358 |                     s3transfer.constants
import time:      1432 |       1432 |                                 calendar
import time:       154 |        154 |                                       urllib.response
import time:       996 |       1150 |                                     urllib.error
import time:      2436 |       3586 |                                   urllib.request
import time:     12002 |      12002 |                                       dateutil._common
import time:     41708 |      53710 |                                     dateutil.parser._parser
import time:     22332 |      22332 |                                     dateutil.parser.isoparser
import time:     31426 |     107467 |                                   dateutil.parser
import time:     13404 |      13404 |                                   botocore.awsrequest
import time:     24177 |      24177 |                                       urllib3.contrib
import time:      6838 |       6838 |                                         OpenSSL
import time:       597 |       7435 |                                       OpenSSL.SSL
import time:     29229 |      60839 |                                     urllib3.contrib.pyopenssl
import time:     22807 |      22807 |                                       certifi.core
import time:     19651 |      42458 |                                     certifi
import time:     14085 |     117381 |                                   botocore.httpsession
import time:      9925 |       9925 |                                   botocore.plugin
import time:     18553 |     270313 |                                 botocore.utils
import time:      9959 |     281703 |                               botocore.auth
import time:      9121 |     290823 |                             botocore.model
import time:      9474 |       9474 |                                 botocore.eventstream
import time:     10551 |      20024 |                               botocore.parsers
import time:     11021 |      11021 |                               botocore.hooks
import time:      8281 |      39326 |                             botocore.response
import time:      1454 |       1454 |                                 _wmi
import time:      1781 |       3234 |                               platform
import time:     11818 |      11818 |                               botocore.context
import time:       431 |        431 |                                 botocore.customizations
import time:       633 |       1064 |                               botocore.customizations.useragent
import time:     12936 |      29051 |                             botocore.useragent
import time:      9697 |     368895 |                           botocore.httpchecksum
import time:     16119 |     385014 |                         s3transfer.utils
import time:     16493 |     401506 |                       s3transfer.tasks
import time:     17810 |     419315 |                     s3transfer.copies
import time:     15760 |      15760 |                     s3transfer.delete
import time:     14999 |      14999 |                       s3transfer.futures
import time:     12694 |      27693 |                     s3transfer.download
import time:     13639 |      13639 |                     s3transfer.upload
import time:     19559 |    1366734 |                   s3transfer.manager
import time:     25045 |    1669181 |                 boto3.compat
import time:     21944 |      21944 |                                 jmespath.compat
import time:     16502 |      38446 |                               jmespath.exceptions
import time:     14297 |      52742 |                             jmespath.lexer
import time:     14841 |      14841 |                             jmespath.ast
import time:     12183 |      12183 |                               jmespath.functions
import time:     15835 |      28017 |                             jmespath.visitor
import time:     20617 |     116215 |                           jmespath.parser
import time:     16704 |     132919 |                         jmespath
import time:     28790 |      28790 |                                 botocore.docs.bcdoc
import time:      1577 |       1577 |                                     _markupbase
import time:      2308 |       3885 |                                   html.parser
import time:     16548 |      20432 |                                 botocore.docs.bcdoc.docstringparser
import time:     23548 |      23548 |                                 botocore.docs.bcdoc.style
import time:     25666 |      98434 |                               botocore.docs.bcdoc.restdoc
import time:     12005 |      12005 |                                   botocore.docs.shape
import time:     12814 |      12814 |                                   botocore.docs.utils
import time:     17106 |      41924 |                                 botocore.docs.example
import time:     17511 |      17511 |                                   botocore.docs.params
import time:     13750 |      31261 |                                 botocore.docs.method
import time:     16975 |      16975 |                                 botocore.docs.sharedexample
import time:     18626 |     108784 |                               botocore.docs.client
import time:     16460 |      16460 |                               botocore.docs.paginator
import time:     15681 |      15681 |                               botocore.docs.waiter
import time:     24747 |     264105 |                             botocore.docs.service
import time:     17326 |     281431 |                           botocore.docs
import time:     15026 |     296456 |                         botocore.docs.docstring
import time:     12825 |     442200 |                       botocore.waiter
import time:     11491 |      11491 |                           botocore.validate
import time:     11318 |      22809 |                         botocore.serialize
import time:     13641 |      13641 |                             botocore.history
import time:     11490 |      25130 |                           botocore.endpoint
import time:     12763 |      37892 |                         botocore.config
import time:     14032 |      14032 |                           botocore.crt
import time:     10309 |      10309 |                           botocore.endpoint_provider
import time:     10808 |      35148 |                         botocore.regions
import time:     11887 |      11887 |                           botocore.tokens
import time:     18809 |      30696 |                         botocore.signers
import time:     10569 |     137113 |                       botocore.args
import time:     10763 |      10763 |                       botocore.compress
import time:       258 |        258 |                           termios
import time:      1411 |       1669 |                         getpass
import time:      2446 |       2446 |                           configparser
import time:     11804 |      14249 |                         botocore.configloader
import time:     14455 |      30373 |                       botocore.credentials
import time:      7466 |       7466 |                       botocore.discovery
import time:      8261 |       8261 |                       botocore.paginate
import time:     13551 |      13551 |                       botocore.retries
import time:     17810 |      17810 |                         botocore.retries.bucket
import time:       535 |        535 |                               botocore.customizations
import time:       310 |        844 |                             botocore.customizations.retries
import time:     10806 |      11650 |                           botocore.configprovider
import time:     12513 |      12513 |                           botocore.retries.quota
import time:     16317 |      16317 |                             botocore.retries.base
import time:     16625 |      32942 |                           botocore.retries.special
import time:     16412 |      73514 |                         botocore.retries.standard
import time:     16045 |      16045 |                         botocore.retries.throttling
import time:     41739 |     149107 |                       botocore.retries.adaptive
import time:     15217 |     814046 |                     botocore.client
import time:      9376 |       9376 |                       botocore.retryhandler
import time:      7429 |       7429 |                       botocore.translate
import time:     12734 |      29539 |                     botocore.handlers
import time:      8418 |       8418 |                     botocore.monitoring
import time:      7227 |       7227 |                     botocore.errorfactory
import time:      8205 |       8205 |                     botocore.loaders
import time:     14162 |     881596 |                   botocore.session
import time:     16124 |      16124 |                   boto3.utils
import time:     27940 |      27940 |                     boto3.resources
import time:     20500 |      20500 |                         boto3.docs.client
import time:     17687 |      17687 |                             boto3.docs.base
import time:     21753 |      21753 |                             boto3.docs.method
import time:     18929 |      18929 |                             boto3.docs.utils
import time:     16508 |      74875 |                           boto3.docs.action
import time:     19464 |      19464 |                           boto3.docs.attr
import time:     16479 |      16479 |                           boto3.docs.collection
import time:     20137 |      20137 |                           boto3.docs.subresource
import time:     23890 |      23890 |                           boto3.docs.waiter
import time:     19615 |     174457 |                         boto3.docs.resource
import time:     33698 |     228654 |                       boto3.docs.service
import time:     21845 |     250498 |                     boto3.docs
import time:     22984 |      22984 |                     boto3.docs.docstring
import time:     16577 |      16577 |                       boto3.resources.model
import time:     26790 |      26790 |                       boto3.resources.params
import time:     19490 |      19490 |                       boto3.resources.response
import time:     21893 |      84749 |                     boto3.resources.action
import time:     22476 |      22476 |                     boto3.resources.base
import time:     17681 |      17681 |                     boto3.resources.collection
import time:     30502 |     456827 |                   boto3.resources.factory
import time:     18611 |    1373155 |                 boto3.session
import time:     20310 |    3062645 |               boto3
import time:     23167 |    3085811 |             boto3.dynamodb
import time:     36103 |    3121914 |           boto3.dynamodb.conditions
import time:     23546 |      23546 |                 pydantic_settings.exceptions
import time:      1280 |       1280 |                     gettext
import time:      3138 |       4417 |                   argparse
import time:     15358 |      15358 |                     pydantic._internal._dataclasses
import time:     16101 |      31458 |                   pydantic.dataclasses
import time:     17507 |      17507 |                       pydantic_settings.utils
import time:     20367 |      20367 |                       pydantic_settings.sources.types
import time:     29019 |      29019 |                       pydantic_settings.sources.utils
import time:     35339 |     102230 |                     pydantic_settings.sources.base
import time:     20015 |      20015 |                           pydantic_settings.sources.providers.env
import time:     42196 |      62210 |                         pydantic_settings.sources.providers.aws
import time:     16401 |      16401 |                           pydantic.alias_generators
import time:     26871 |      43271 |                         pydantic_settings.sources.providers.azure
import time:     30021 |      30021 |                         pydantic_settings.sources.providers.cli
import time:     17647 |      17647 |                               dotenv.parser
import time:     15534 |      15534 |                               dotenv.variables
import time:     25400 |      58580 |                             dotenv.main
import time:     18964 |      77543 |                           dotenv
import time:     20839 |      98382 |                         pydantic_settings.sources.providers.dotenv
import time:     19389 |      19389 |                         pydantic_settings.sources.providers.gcp
import time:     26407 |      26407 |                         pydantic_settings.sources.providers.json
import time:     24134 |      24134 |                           pydantic_settings.sources.providers.toml
import time:     29186 |      53320 |                         pydantic_settings.sources.providers.pyproject
import time:     19165 |      19165 |                         pydantic_settings.sources.providers.secrets
import time:     31772 |      31772 |                         pydantic_settings.sources.providers.yaml
import time:     41972 |     425904 |                       pydantic_settings.sources.providers
import time:       310 |     426213 |                     pydantic_settings.sources.providers.aws
import time:     26554 |      26554 |                     pydantic_settings.sources.providers.nested_secrets
import time:     23031 |     578027 |                   pydantic_settings.sources
import time:     17878 |     631779 |                 pydantic_settings.main
import time:     13928 |      13928 |                 pydantic_settings.version
import time:     18695 |     687946 |               pydantic_settings
import time:     17869 |     705815 |             src.config.aws
import time:     29430 |     735245 |           src.infrastructure.repositories.base
import time:     38073 |    3895231 |         src.infrastructure.repositories.jobs_repository
import time:     22988 |      22988 |         src.infrastructure.repositories.documents_repository
import time:     26195 |      26195 |         src.infrastructure.repositories.scoring_repository
import time:     29817 |    3974230 |       src.infrastructure.repositories
import time:       561 |    3974790 |     src.infrastructure.repositories.jobs_repository
import time:     31767 |      31767 |         src.infrastructure.storage.storage_service
import time:     39167 |      70934 |       src.infrastructure.storage
import time:       336 |      71270 |     src.infrastructure.storage.storage_service
import time:     20366 |      20366 |     boto3.dynamodb.types
import time:     12372 |      12372 |       s3transfer.subscribers
import time:     15923 |      15923 |       boto3.s3.constants
import time:     19135 |      47428 |     boto3.s3.transfer
import time:     14650 |      14650 |             pydantic.v1.typing
import time:     15259 |      29908 |           pydantic.v1.errors
import time:      1149 |       1149 |               cython
import time:     18961 |      20110 |             pydantic.v1.version
import time:     19785 |      39894 |           pydantic.v1.utils
import time:     14331 |      84132 |         pydantic.v1.class_validators
import time:     14807 |      14807 |         pydantic.v1.config
import time:     18381 |      18381 |             pydantic.v1.color
import time:     17457 |      17457 |                 pydantic.v1.datetime_parse
import time:     19529 |      36986 |               pydantic.v1.validators
import time:     20637 |      57622 |             pydantic.v1.networks
import time:     14847 |      14847 |             pydantic.v1.types
import time:     14459 |     105308 |           pydantic.v1.json
import time:     15310 |     120618 |         pydantic.v1.error_wrappers
import time:     14982 |      14982 |         pydantic.v1.fields
import time:     22069 |      22069 |           pydantic.v1.parse
import time:     19347 |      19347 |           pydantic.v1.schema
import time:     21526 |      62941 |         pydantic.v1.main
import time:     27880 |     325358 |       pydantic.v1.dataclasses
import time:     13318 |      13318 |       pydantic.v1.annotated_types
import time:     14530 |      14530 |       pydantic.v1.decorator
import time:     18150 |      18150 |       pydantic.v1.env_settings
import time:     30721 |      30721 |       pydantic.v1.tools
import time:     29584 |     431658 |     pydantic.v1
import time:  30134779 |   36513614 |   src.api.routes.jobs
import time:  17199951 |   17199951 |   src.api.routes.jobs_v2
import time:     18378 |      18378 |   src.infrastructure.health
import time:     30133 |   57432063 | src.api.app
